INFO LOG
INFO LOG